#-----------------------------------------------------------
# Vivado v2024.1 (64-bit)
# SW Build 5076996 on Wed May 22 18:37:14 MDT 2024
# IP Build 5075265 on Wed May 22 21:45:21 MDT 2024
# SharedData Build 5076995 on Wed May 22 18:29:18 MDT 2024
# Start of session at: Sun Oct 12 18:23:59 2025
# Process ID: 28772
# Current directory: C:/fpga_series/alu/alu.runs/impl_1
# Command line: vivado.exe -log alu.vdi -applog -product Vivado -messageDb vivado.pb -mode batch -source alu.tcl -notrace
# Log file: C:/fpga_series/alu/alu.runs/impl_1/alu.vdi
# Journal file: C:/fpga_series/alu/alu.runs/impl_1\vivado.jou
# Running On        :Saurav
# Platform          :Windows Server 2016 or Windows 10
# Operating System  :26100
# Processor Detail  :13th Gen Intel(R) Core(TM) i5-13450HX
# CPU Frequency     :2611 MHz
# CPU Physical cores:10
# CPU Logical cores :16
# Host memory       :16944 MB
# Swap memory       :13524 MB
# Total Virtual     :30469 MB
# Available Virtual :2926 MB
#-----------------------------------------------------------
source alu.tcl -notrace
